stm32f4xx_it.c:60:6:NMI_Handler	4	static
stm32f4xx_it.c:73:6:HardFault_Handler	4	static
stm32f4xx_it.c:89:6:MemManage_Handler	4	static
stm32f4xx_it.c:105:6:BusFault_Handler	4	static
stm32f4xx_it.c:121:6:UsageFault_Handler	4	static
stm32f4xx_it.c:137:6:SVC_Handler	4	static
stm32f4xx_it.c:150:6:DebugMon_Handler	4	static
stm32f4xx_it.c:163:6:PendSV_Handler	4	static
stm32f4xx_it.c:176:6:SysTick_Handler	8	static
stm32f4xx_it.c:198:6:ADC_IRQHandler	8	static
stm32f4xx_it.c:213:6:HAL_ADC_ConvCpltCallback	16	static
stm32f4xx_it.c:243:6:TIM1_UP_TIM10_IRQHandler	16	static
