Archive member included to satisfy reference by file (symbol)

c:/program files/atollic/truestudio for arm 8.1.0/armtools/bin/../lib/gcc/arm-atollic-eabi/6.3.1/../../../../arm-atollic-eabi/lib/armv7e-m/fpu\libc_nano.a(lib_a-init.o)
                              Application\TrueSTUDIO\startup_stm32f407xx.o (__libc_init_array)
c:/program files/atollic/truestudio for arm 8.1.0/armtools/bin/../lib/gcc/arm-atollic-eabi/6.3.1/../../../../arm-atollic-eabi/lib/armv7e-m/fpu\libm.a(lib_a-sf_sin.o)
                              Application\User\stm32f4xx_it.o (sinf)
c:/program files/atollic/truestudio for arm 8.1.0/armtools/bin/../lib/gcc/arm-atollic-eabi/6.3.1/../../../../arm-atollic-eabi/lib/armv7e-m/fpu\libm.a(lib_a-ef_rem_pio2.o)
                              c:/program files/atollic/truestudio for arm 8.1.0/armtools/bin/../lib/gcc/arm-atollic-eabi/6.3.1/../../../../arm-atollic-eabi/lib/armv7e-m/fpu\libm.a(lib_a-sf_sin.o) (__ieee754_rem_pio2f)
c:/program files/atollic/truestudio for arm 8.1.0/armtools/bin/../lib/gcc/arm-atollic-eabi/6.3.1/../../../../arm-atollic-eabi/lib/armv7e-m/fpu\libm.a(lib_a-kf_cos.o)
                              c:/program files/atollic/truestudio for arm 8.1.0/armtools/bin/../lib/gcc/arm-atollic-eabi/6.3.1/../../../../arm-atollic-eabi/lib/armv7e-m/fpu\libm.a(lib_a-sf_sin.o) (__kernel_cosf)
c:/program files/atollic/truestudio for arm 8.1.0/armtools/bin/../lib/gcc/arm-atollic-eabi/6.3.1/../../../../arm-atollic-eabi/lib/armv7e-m/fpu\libm.a(lib_a-kf_rem_pio2.o)
                              c:/program files/atollic/truestudio for arm 8.1.0/armtools/bin/../lib/gcc/arm-atollic-eabi/6.3.1/../../../../arm-atollic-eabi/lib/armv7e-m/fpu\libm.a(lib_a-ef_rem_pio2.o) (__kernel_rem_pio2f)
c:/program files/atollic/truestudio for arm 8.1.0/armtools/bin/../lib/gcc/arm-atollic-eabi/6.3.1/../../../../arm-atollic-eabi/lib/armv7e-m/fpu\libm.a(lib_a-kf_sin.o)
                              c:/program files/atollic/truestudio for arm 8.1.0/armtools/bin/../lib/gcc/arm-atollic-eabi/6.3.1/../../../../arm-atollic-eabi/lib/armv7e-m/fpu\libm.a(lib_a-sf_sin.o) (__kernel_sinf)
c:/program files/atollic/truestudio for arm 8.1.0/armtools/bin/../lib/gcc/arm-atollic-eabi/6.3.1/../../../../arm-atollic-eabi/lib/armv7e-m/fpu\libm.a(lib_a-sf_fabs.o)
                              c:/program files/atollic/truestudio for arm 8.1.0/armtools/bin/../lib/gcc/arm-atollic-eabi/6.3.1/../../../../arm-atollic-eabi/lib/armv7e-m/fpu\libm.a(lib_a-ef_rem_pio2.o) (fabsf)
c:/program files/atollic/truestudio for arm 8.1.0/armtools/bin/../lib/gcc/arm-atollic-eabi/6.3.1/../../../../arm-atollic-eabi/lib/armv7e-m/fpu\libm.a(lib_a-sf_floor.o)
                              c:/program files/atollic/truestudio for arm 8.1.0/armtools/bin/../lib/gcc/arm-atollic-eabi/6.3.1/../../../../arm-atollic-eabi/lib/armv7e-m/fpu\libm.a(lib_a-kf_rem_pio2.o) (floorf)
c:/program files/atollic/truestudio for arm 8.1.0/armtools/bin/../lib/gcc/arm-atollic-eabi/6.3.1/../../../../arm-atollic-eabi/lib/armv7e-m/fpu\libm.a(lib_a-sf_scalbn.o)
                              c:/program files/atollic/truestudio for arm 8.1.0/armtools/bin/../lib/gcc/arm-atollic-eabi/6.3.1/../../../../arm-atollic-eabi/lib/armv7e-m/fpu\libm.a(lib_a-kf_rem_pio2.o) (scalbnf)
c:/program files/atollic/truestudio for arm 8.1.0/armtools/bin/../lib/gcc/arm-atollic-eabi/6.3.1/../../../../arm-atollic-eabi/lib/armv7e-m/fpu\libm.a(lib_a-sf_copysign.o)
                              c:/program files/atollic/truestudio for arm 8.1.0/armtools/bin/../lib/gcc/arm-atollic-eabi/6.3.1/../../../../arm-atollic-eabi/lib/armv7e-m/fpu\libm.a(lib_a-sf_scalbn.o) (copysignf)
c:/program files/atollic/truestudio for arm 8.1.0/armtools/bin/../lib/gcc/arm-atollic-eabi/6.3.1/armv7e-m/fpu\libgcc.a(_arm_addsubdf3.o)
                              Application\User\stm32f4xx_it.o (__aeabi_dadd)
c:/program files/atollic/truestudio for arm 8.1.0/armtools/bin/../lib/gcc/arm-atollic-eabi/6.3.1/armv7e-m/fpu\libgcc.a(_arm_muldivdf3.o)
                              Application\User\stm32f4xx_it.o (__aeabi_dmul)
c:/program files/atollic/truestudio for arm 8.1.0/armtools/bin/../lib/gcc/arm-atollic-eabi/6.3.1/armv7e-m/fpu\libgcc.a(_arm_truncdfsf2.o)
                              Application\User\stm32f4xx_it.o (__aeabi_d2f)
c:/program files/atollic/truestudio for arm 8.1.0/armtools/bin/../lib/gcc/arm-atollic-eabi/6.3.1/armv7e-m/fpu\libgcc.a(_aeabi_uldivmod.o)
                              Drivers\STM32F4xx_HAL_Driver\stm32f4xx_hal_rcc.o (__aeabi_uldivmod)
c:/program files/atollic/truestudio for arm 8.1.0/armtools/bin/../lib/gcc/arm-atollic-eabi/6.3.1/armv7e-m/fpu\libgcc.a(_udivmoddi4.o)
                              c:/program files/atollic/truestudio for arm 8.1.0/armtools/bin/../lib/gcc/arm-atollic-eabi/6.3.1/armv7e-m/fpu\libgcc.a(_aeabi_uldivmod.o) (__udivmoddi4)
c:/program files/atollic/truestudio for arm 8.1.0/armtools/bin/../lib/gcc/arm-atollic-eabi/6.3.1/armv7e-m/fpu\libgcc.a(_dvmd_tls.o)
[...]
Memory Configuration

Name             Origin             Length             Attributes
RAM              0x20000000         0x00020000         xrw
CCMRAM           0x10000000         0x00010000         rw
FLASH            0x08000000         0x00100000         xr
*default*        0x00000000         0xffffffff

Linker script and memory map

LOAD c:/program files/atollic/truestudio for arm 8.1.0/armtools/bin/../lib/gcc/arm-atollic-eabi/6.3.1/armv7e-m/fpu/crti.o
LOAD c:/program files/atollic/truestudio for arm 8.1.0/armtools/bin/../lib/gcc/arm-atollic-eabi/6.3.1/armv7e-m/fpu/crtbegin.o
LOAD Application\TrueSTUDIO\startup_stm32f407xx.o
LOAD Application\User\main.o
LOAD Application\User\stm32f4xx_hal_dac.o
LOAD Application\User\stm32f4xx_hal_dac_ex.o
LOAD Application\User\stm32f4xx_hal_msp.o
LOAD Application\User\stm32f4xx_it.o
LOAD Drivers\CMSIS\system_stm32f4xx.o
LOAD Drivers\STM32F4xx_HAL_Driver\stm32f4xx_hal.o
LOAD Drivers\STM32F4xx_HAL_Driver\stm32f4xx_hal_adc.o
LOAD Drivers\STM32F4xx_HAL_Driver\stm32f4xx_hal_adc_ex.o
LOAD Drivers\STM32F4xx_HAL_Driver\stm32f4xx_hal_cortex.o
LOAD Drivers\STM32F4xx_HAL_Driver\stm32f4xx_hal_dac.o
LOAD Drivers\STM32F4xx_HAL_Driver\stm32f4xx_hal_dac_ex.o
LOAD Drivers\STM32F4xx_HAL_Driver\stm32f4xx_hal_dma.o
LOAD Drivers\STM32F4xx_HAL_Driver\stm32f4xx_hal_dma_ex.o
LOAD Drivers\STM32F4xx_HAL_Driver\stm32f4xx_hal_flash.o
LOAD Drivers\STM32F4xx_HAL_Driver\stm32f4xx_hal_flash_ex.o
LOAD Drivers\STM32F4xx_HAL_Driver\stm32f4xx_hal_flash_ramfunc.o
LOAD Drivers\STM32F4xx_HAL_Driver\stm32f4xx_hal_gpio.o
LOAD Drivers\STM32F4xx_HAL_Driver\stm32f4xx_hal_pwr.o
LOAD Drivers\STM32F4xx_HAL_Driver\stm32f4xx_hal_pwr_ex.o
LOAD Drivers\STM32F4xx_HAL_Driver\stm32f4xx_hal_rcc.o
LOAD Drivers\STM32F4xx_HAL_Driver\stm32f4xx_hal_rcc_ex.o
LOAD Drivers\STM32F4xx_HAL_Driver\stm32f4xx_hal_tim.o
LOAD Drivers\STM32F4xx_HAL_Driver\stm32f4xx_hal_tim_ex.o
                0x00000080                malloc_getpagesize_P = 0x80
START GROUP
LOAD c:/program files/atollic/truestudio for arm 8.1.0/armtools/bin/../lib/gcc/arm-atollic-eabi/6.3.1/../../../../arm-atollic-eabi/lib/armv7e-m/fpu\libc_nano.a
LOAD c:/program files/atollic/truestudio for arm 8.1.0/armtools/bin/../lib/gcc/arm-atollic-eabi/6.3.1/../../../../arm-atollic-eabi/lib/armv7e-m/fpu\libm.a
END GROUP
START GROUP
LOAD c:/program files/atollic/truestudio for arm 8.1.0/armtools/bin/../lib/gcc/arm-atollic-eabi/6.3.1/armv7e-m/fpu\libgcc.a
LOAD c:/program files/atollic/truestudio for arm 8.1.0/armtools/bin/../lib/gcc/arm-atollic-eabi/6.3.1/../../../../arm-atollic-eabi/lib/armv7e-m/fpu\libc_nano.a
END GROUP
START GROUP
LOAD c:/program files/atollic/truestudio for arm 8.1.0/armtools/bin/../lib/gcc/arm-atollic-eabi/6.3.1/armv7e-m/fpu\libgcc.a
LOAD c:/program files/atollic/truestudio for arm 8.1.0/armtools/bin/../lib/gcc/arm-atollic-eabi/6.3.1/../../../../arm-atollic-eabi/lib/armv7e-m/fpu\libc_nano.a
LOAD c:/program files/atollic/truestudio for arm 8.1.0/armtools/bin/../lib/gcc/arm-atollic-eabi/6.3.1/../../../../arm-atollic-eabi/lib/armv7e-m/fpu\libnosys.a
END GROUP
START GROUP
LOAD c:/program files/atollic/truestudio for arm 8.1.0/armtools/bin/../lib/gcc/arm-atollic-eabi/6.3.1/armv7e-m/fpu\libgcc.a
LOAD c:/program files/atollic/truestudio for arm 8.1.0/armtools/bin/../lib/gcc/arm-atollic-eabi/6.3.1/../../../../arm-atollic-eabi/lib/armv7e-m/fpu\libc_nano.a
LOAD c:/program files/atollic/truestudio for arm 8.1.0/armtools/bin/../lib/gcc/arm-atollic-eabi/6.3.1/../../../../arm-atollic-eabi/lib/armv7e-m/fpu\libnosys.a
END GROUP
LOAD c:/program files/atollic/truestudio for arm 8.1.0/armtools/bin/../lib/gcc/arm-atollic-eabi/6.3.1/armv7e-m/fpu/crtend.o
LOAD c:/program files/atollic/truestudio for arm 8.1.0/armtools/bin/../lib/gcc/arm-atollic-eabi/6.3.1/armv7e-m/fpu/crtn.o
                0x20020000                _estack = 0x20020000
                0x00000200                _Min_Heap_Size = 0x200
                0x00000400                _Min_Stack_Size = 0x400

.isr_vector     0x08000000      0x188
                0x08000000                . = ALIGN (0x4)
 *(.isr_vector)
 .isr_vector    0x08000000      0x188 Application\TrueSTUDIO\startup_stm32f407xx.o
                0x08000000                g_pfnVectors
                0x08000188                . = ALIGN (0x4)

.text           0x08000188     0x2edc
                0x08000188                . = ALIGN (0x4)
 *(.text)
 .text          0x08000188       0x40 c:/program files/atollic/truestudio for arm 8.1.0/armtools/bin/../lib/gcc/arm-atollic-eabi/6.3.1/armv7e-m/fpu/crtbegin.o
 .text          0x080001c8      0x370 c:/program files/atollic/truestudio for arm 8.1.0/armtools/bin/../lib/gcc/arm-atollic-eabi/6.3.1/armv7e-m/fpu\libgcc.a(_arm_addsubdf3.o)
                0x080001c8                __aeabi_drsub
                0x080001d0                __aeabi_dsub
                0x080001d0                __subdf3
                0x080001d4                __aeabi_dadd
                0x080001d4                __adddf3
                0x0800044c                __floatunsidf
                0x0800044c                __aeabi_ui2d
                0x0800046c                __floatsidf
                0x0800046c                __aeabi_i2d
                0x08000490                __aeabi_f2d
                0x08000490                __extendsfdf2
                0x080004cc                __floatundidf
                0x080004cc                __aeabi_ul2d
                0x080004dc                __floatdidf
                0x080004dc                __aeabi_l2d
 .text          0x08000538      0x424 c:/program files/atollic/truestudio for arm 8.1.0/armtools/bin/../lib/gcc/arm-atollic-eabi/6.3.1/armv7e-m/fpu\libgcc.a(_arm_muldivdf3.o)
                0x08000538                __aeabi_dmul
                0x08000538                __muldf3
                0x0800078c                __divdf3
                0x0800078c                __aeabi_ddiv
 .text          0x0800095c       0xa0 c:/program files/atollic/truestudio for arm 8.1.0/armtools/bin/../lib/gcc/arm-atollic-eabi/6.3.1/armv7e-m/fpu\libgcc.a(_arm_truncdfsf2.o)
                0x0800095c                __truncdfsf2
                0x0800095c                __aeabi_d2f
 .text          0x080009fc       0x30 c:/program files/atollic/truestudio for arm 8.1.0/armtools/bin/../lib/gcc/arm-atollic-eabi/6.3.1/armv7e-m/fpu\libgcc.a(_aeabi_uldivmod.o)
                0x080009fc                __aeabi_uldivmod
 .text          0x08000a2c      0x2dc c:/program files/atollic/truestudio for arm 8.1.0/armtools/bin/../lib/gcc/arm-atollic-eabi/6.3.1/armv7e-m/fpu\libgcc.a(_udivmoddi4.o)
                0x08000a2c                __udivmoddi4
 .text          0x08000d08        0x4 c:/program files/atollic/truestudio for arm 8.1.0/armtools/bin/../lib/gcc/arm-atollic-eabi/6.3.1/armv7e-m/fpu\libgcc.a(_dvmd_tls.o)
                0x08000d08                __aeabi_idiv0
                0x08000d08                __aeabi_ldiv0
 *(.text*)
 .text.Reset_Handler
                0x08000d0c       0x50 Application\TrueSTUDIO\startup_stm32f407xx.o
                0x08000d0c                Reset_Handler
 .text.Default_Handler
                0x08000d5c        0x2 Application\TrueSTUDIO\startup_stm32f407xx.o
                0x08000d5c                RTC_Alarm_IRQHandler
                0x08000d5c                HASH_RNG_IRQHandler
                0x08000d5c                EXTI2_IRQHandler
                0x08000d5c                TIM8_CC_IRQHandler
                0x08000d5c                TIM1_CC_IRQHandler
                0x08000d5c                DMA2_Stream5_IRQHandler
                0x08000d5c                DMA1_Stream5_IRQHandler
                0x08000d5c                PVD_IRQHandler
                0x08000d5c                SDIO_IRQHandler
                0x08000d5c                TAMP_STAMP_IRQHandler
                0x08000d5c                CAN2_RX1_IRQHandler
                0x08000d5c                EXTI3_IRQHandler
                0x08000d5c                TIM8_TRG_COM_TIM14_IRQHandler
                0x08000d5c                TIM8_UP_TIM13_IRQHandler
                0x08000d5c                I2C3_ER_IRQHandler
                0x08000d5c                EXTI0_IRQHandler
                0x08000d5c                I2C2_EV_IRQHandler
                0x08000d5c                DMA1_Stream2_IRQHandler
                0x08000d5c                CAN1_RX0_IRQHandler
                0x08000d5c                FPU_IRQHandler
                0x08000d5c                OTG_HS_WKUP_IRQHandler
                0x08000d5c                CAN2_SCE_IRQHandler
                0x08000d5c                DMA2_Stream2_IRQHandler
                0x08000d5c                SPI1_IRQHandler
                0x08000d5c                TIM6_DAC_IRQHandler
                0x08000d5c                TIM1_BRK_TIM9_IRQHandler
                0x08000d5c                DCMI_IRQHandler
                0x08000d5c                CAN2_RX0_IRQHandler
                0x08000d5c                DMA2_Stream3_IRQHandler
                0x08000d5c                USART6_IRQHandler
                0x08000d5c                USART3_IRQHandler
                0x08000d5c                CAN1_RX1_IRQHandler
                0x08000d5c                UART5_IRQHandler
                0x08000d5c                DMA2_Stream0_IRQHandler
                0x08000d5c                TIM4_IRQHandler
                0x08000d5c                I2C1_EV_IRQHandler
                0x08000d5c                DMA1_Stream6_IRQHandler
                0x08000d5c                DMA1_Stream1_IRQHandler
                0x08000d5c                UART4_IRQHandler
                0x08000d5c                TIM3_IRQHandler
                0x08000d5c                RCC_IRQHandler
                0x08000d5c                TIM8_BRK_TIM12_IRQHandler
                0x08000d5c                Default_Handler
                0x08000d5c                EXTI15_10_IRQHandler
                0x08000d5c                DMA1_Stream7_IRQHandler
                0x08000d5c                TIM7_IRQHandler
                0x08000d5c                CAN2_TX_IRQHandler
                0x08000d5c                TIM5_IRQHandler
                0x08000d5c                DMA2_Stream7_IRQHandler
                0x08000d5c                I2C3_EV_IRQHandler
                0x08000d5c                EXTI9_5_IRQHandler
                0x08000d5c                RTC_WKUP_IRQHandler
                0x08000d5c                ETH_WKUP_IRQHandler
                0x08000d5c                SPI2_IRQHandler
                0x08000d5c                OTG_HS_EP1_IN_IRQHandler
                0x08000d5c                DMA1_Stream0_IRQHandler
                0x08000d5c                CAN1_TX_IRQHandler
                0x08000d5c                EXTI4_IRQHandler
                0x08000d5c                FSMC_IRQHandler
                0x08000d5c                ETH_IRQHandler
                0x08000d5c                OTG_HS_EP1_OUT_IRQHandler
                0x08000d5c                WWDG_IRQHandler
                0x08000d5c                TIM2_IRQHandler
                0x08000d5c                OTG_FS_WKUP_IRQHandler
                0x08000d5c                TIM1_TRG_COM_TIM11_IRQHandler
                0x08000d5c                OTG_HS_IRQHandler
                0x08000d5c                EXTI1_IRQHandler
                0x08000d5c                USART2_IRQHandler
                0x08000d5c                I2C2_ER_IRQHandler
                0x08000d5c                DMA2_Stream1_IRQHandler
                0x08000d5c                CAN1_SCE_IRQHandler
                0x08000d5c                FLASH_IRQHandler
                0x08000d5c                DMA2_Stream4_IRQHandler
                0x08000d5c                USART1_IRQHandler
                0x08000d5c                OTG_FS_IRQHandler
                0x08000d5c                SPI3_IRQHandler
                0x08000d5c                DMA1_Stream4_IRQHandler
                0x08000d5c                I2C1_ER_IRQHandler
                0x08000d5c                DMA2_Stream6_IRQHandler
                0x08000d5c                DMA1_Stream3_IRQHandler
 *fill*         0x08000d5e        0x2 
 .text.SystemClock_Config
                0x08000d60       0xac Application\User\main.o
                0x08000d60                SystemClock_Config
 .text.startup.main
                0x08000e0c      0x158 Application\User\main.o
                0x08000e0c                main
 .text.HAL_MspInit
                0x08000f64       0x60 Application\User\stm32f4xx_hal_msp.o
                0x08000f64                HAL_MspInit
 .text.HAL_ADC_MspInit
                0x08000fc4       0x54 Application\User\stm32f4xx_hal_msp.o
                0x08000fc4                HAL_ADC_MspInit
 .text.HAL_DAC_MspInit
                0x08001018       0x44 Application\User\stm32f4xx_hal_msp.o
                0x08001018                HAL_DAC_MspInit
 .text.HAL_TIM_PWM_MspInit
                0x0800105c       0x3c Application\User\stm32f4xx_hal_msp.o
                0x0800105c                HAL_TIM_PWM_MspInit
 .text.HAL_TIM_MspPostInit
                0x08001098       0x4c Application\User\stm32f4xx_hal_msp.o
                0x08001098                HAL_TIM_MspPostInit
 .text.NMI_Handler
                0x080010e4        0x2 Application\User\stm32f4xx_it.o
                0x080010e4                NMI_Handler
 .text.HardFault_Handler
                0x080010e6        0x2 Application\User\stm32f4xx_it.o
                0x080010e6                HardFault_Handler
 .text.MemManage_Handler
                0x080010e8        0x2 Application\User\stm32f4xx_it.o
                0x080010e8                MemManage_Handler
 .text.BusFault_Handler
                0x080010ea        0x2 Application\User\stm32f4xx_it.o
                0x080010ea                BusFault_Handler
 .text.UsageFault_Handler
                0x080010ec        0x2 Application\User\stm32f4xx_it.o
                0x080010ec                UsageFault_Handler
 .text.SVC_Handler
                0x080010ee        0x2 Application\User\stm32f4xx_it.o
                0x080010ee                SVC_Handler
 .text.DebugMon_Handler
                0x080010f0        0x2 Application\User\stm32f4xx_it.o
                0x080010f0                DebugMon_Handler
 .text.PendSV_Handler
                0x080010f2        0x2 Application\User\stm32f4xx_it.o
                0x080010f2                PendSV_Handler
 .text.SysTick_Handler
                0x080010f4        0xe Application\User\stm32f4xx_it.o
                0x080010f4                SysTick_Handler
 *fill*         0x08001102        0x2 
 .text.ADC_IRQHandler
                0x08001104        0xc Application\User\stm32f4xx_it.o
                0x08001104                ADC_IRQHandler
 .text.HAL_ADC_ConvCpltCallback
                0x08001110       0x10 Application\User\stm32f4xx_it.o
                0x08001110                HAL_ADC_ConvCpltCallback
 .text.TIM1_UP_TIM10_IRQHandler
                0x08001120      0x164 Application\User\stm32f4xx_it.o
                0x08001120                TIM1_UP_TIM10_IRQHandler
 .text.SystemInit
                0x08001284       0x4c Drivers\CMSIS\system_stm32f4xx.o
                0x08001284                SystemInit
 .text.HAL_InitTick
                0x080012d0       0x28 Drivers\STM32F4xx_HAL_Driver\stm32f4xx_hal.o
                0x080012d0                HAL_InitTick
 .text.HAL_Init
                0x080012f8       0x34 Drivers\STM32F4xx_HAL_Driver\stm32f4xx_hal.o
                0x080012f8                HAL_Init
 .text.HAL_IncTick
                0x0800132c       0x10 Drivers\STM32F4xx_HAL_Driver\stm32f4xx_hal.o
                0x0800132c                HAL_IncTick
 .text.HAL_GetTick
                0x0800133c        0xc Drivers\STM32F4xx_HAL_Driver\stm32f4xx_hal.o
                0x0800133c                HAL_GetTick
 .text.HAL_ADC_Init
                0x08001348      0x148 Drivers\STM32F4xx_HAL_Driver\stm32f4xx_hal_adc.o
                0x08001348                HAL_ADC_Init
 .text.HAL_ADC_Start_IT
                0x08001490       0xcc Drivers\STM32F4xx_HAL_Driver\stm32f4xx_hal_adc.o
                0x08001490                HAL_ADC_Start_IT
 .text.HAL_ADC_GetValue
                0x0800155c        0x6 Drivers\STM32F4xx_HAL_Driver\stm32f4xx_hal_adc.o
                0x0800155c                HAL_ADC_GetValue
 .text.HAL_ADC_LevelOutOfWindowCallback
                0x08001562        0x2 Drivers\STM32F4xx_HAL_Driver\stm32f4xx_hal_adc.o
                0x08001562                HAL_ADC_LevelOutOfWindowCallback
 .text.HAL_ADC_ErrorCallback
                0x08001564        0x2 Drivers\STM32F4xx_HAL_Driver\stm32f4xx_hal_adc.o
                0x08001564                HAL_ADC_ErrorCallback
 .text.HAL_ADC_IRQHandler
                0x08001566      0x128 Drivers\STM32F4xx_HAL_Driver\stm32f4xx_hal_adc.o
                0x08001566                HAL_ADC_IRQHandler
 *fill*         0x0800168e        0x2 
 .text.HAL_ADC_ConfigChannel
                0x08001690      0x12c Drivers\STM32F4xx_HAL_Driver\stm32f4xx_hal_adc.o
                0x08001690                HAL_ADC_ConfigChannel
 .text.HAL_ADCEx_InjectedConvCpltCallback
                0x080017bc        0x2 Drivers\STM32F4xx_HAL_Driver\stm32f4xx_hal_adc_ex.o
                0x080017bc                HAL_ADCEx_InjectedConvCpltCallback
 *fill*         0x080017be        0x2 
 .text.HAL_NVIC_SetPriorityGrouping
                0x080017c0       0x24 Drivers\STM32F4xx_HAL_Driver\stm32f4xx_hal_cortex.o
                0x080017c0                HAL_NVIC_SetPriorityGrouping
 .text.HAL_NVIC_SetPriority
                0x080017e4       0x68 Drivers\STM32F4xx_HAL_Driver\stm32f4xx_hal_cortex.o
                0x080017e4                HAL_NVIC_SetPriority
 .text.HAL_NVIC_EnableIRQ
                0x0800184c       0x18 Drivers\STM32F4xx_HAL_Driver\stm32f4xx_hal_cortex.o
                0x0800184c                HAL_NVIC_EnableIRQ
 .text.HAL_SYSTICK_Config
                0x08001864       0x2c Drivers\STM32F4xx_HAL_Driver\stm32f4xx_hal_cortex.o
                0x08001864                HAL_SYSTICK_Config
 .text.HAL_SYSTICK_CLKSourceConfig
                0x08001890       0x18 Drivers\STM32F4xx_HAL_Driver\stm32f4xx_hal_cortex.o
                0x08001890                HAL_SYSTICK_CLKSourceConfig
 .text.HAL_SYSTICK_Callback
                0x080018a8        0x2 Drivers\STM32F4xx_HAL_Driver\stm32f4xx_hal_cortex.o
                0x080018a8                HAL_SYSTICK_Callback
 .text.HAL_SYSTICK_IRQHandler
                0x080018aa        0x8 Drivers\STM32F4xx_HAL_Driver\stm32f4xx_hal_cortex.o
                0x080018aa                HAL_SYSTICK_IRQHandler
 .text.HAL_DAC_Init
                0x080018b2       0x26 Drivers\STM32F4xx_HAL_Driver\stm32f4xx_hal_dac.o
                0x080018b2                HAL_DAC_Init
 .text.HAL_DAC_Start
                0x080018d8       0x5c Drivers\STM32F4xx_HAL_Driver\stm32f4xx_hal_dac.o
                0x080018d8                HAL_DAC_Start
 .text.HAL_DAC_ConfigChannel
                0x08001934       0x40 Drivers\STM32F4xx_HAL_Driver\stm32f4xx_hal_dac.o
                0x08001934                HAL_DAC_ConfigChannel
 .text.HAL_DAC_SetValue
                0x08001974       0x24 Drivers\STM32F4xx_HAL_Driver\stm32f4xx_hal_dac.o
                0x08001974                HAL_DAC_SetValue
 .text.HAL_GPIO_Init
                0x08001998      0x1c0 Drivers\STM32F4xx_HAL_Driver\stm32f4xx_hal_gpio.o
                0x08001998                HAL_GPIO_Init
 .text.HAL_RCC_OscConfig
                0x08001b58      0x2ec Drivers\STM32F4xx_HAL_Driver\stm32f4xx_hal_rcc.o
                0x08001b58                HAL_RCC_OscConfig
 .text.HAL_RCC_GetSysClockFreq
                0x08001e44       0x5c Drivers\STM32F4xx_HAL_Driver\stm32f4xx_hal_rcc.o
                0x08001e44                HAL_RCC_GetSysClockFreq
 .text.HAL_RCC_ClockConfig
                0x08001ea0      0x134 Drivers\STM32F4xx_HAL_Driver\stm32f4xx_hal_rcc.o
                0x08001ea0                HAL_RCC_ClockConfig
 .text.HAL_RCC_GetHCLKFreq
                0x08001fd4        0xc Drivers\STM32F4xx_HAL_Driver\stm32f4xx_hal_rcc.o
                0x08001fd4                HAL_RCC_GetHCLKFreq
 .text.TIM_OC1_SetConfig
                0x08001fe0       0x58 Drivers\STM32F4xx_HAL_Driver\stm32f4xx_hal_tim.o
 .text.TIM_OC3_SetConfig
                0x08002038       0x60 Drivers\STM32F4xx_HAL_Driver\stm32f4xx_hal_tim.o
 .text.TIM_OC4_SetConfig
                0x08002098       0x50 Drivers\STM32F4xx_HAL_Driver\stm32f4xx_hal_tim.o
 .text.HAL_TIM_PeriodElapsedCallback
                0x080020e8        0x2 Drivers\STM32F4xx_HAL_Driver\stm32f4xx_hal_tim.o
                0x080020e8                HAL_TIM_PeriodElapsedCallback
 .text.HAL_TIM_OC_DelayElapsedCallback
                0x080020ea        0x2 Drivers\STM32F4xx_HAL_Driver\stm32f4xx_hal_tim.o
                0x080020ea                HAL_TIM_OC_DelayElapsedCallback
 .text.HAL_TIM_IC_CaptureCallback
                0x080020ec        0x2 Drivers\STM32F4xx_HAL_Driver\stm32f4xx_hal_tim.o
                0x080020ec                HAL_TIM_IC_CaptureCallback
 .text.HAL_TIM_PWM_PulseFinishedCallback
                0x080020ee        0x2 Drivers\STM32F4xx_HAL_Driver\stm32f4xx_hal_tim.o
                0x080020ee                HAL_TIM_PWM_PulseFinishedCallback
 .text.HAL_TIM_TriggerCallback
                0x080020f0        0x2 Drivers\STM32F4xx_HAL_Driver\stm32f4xx_hal_tim.o
                0x080020f0                HAL_TIM_TriggerCallback
 .text.HAL_TIM_IRQHandler
                0x080020f2      0x144 Drivers\STM32F4xx_HAL_Driver\stm32f4xx_hal_tim.o
                0x080020f2                HAL_TIM_IRQHandler
 *fill*         0x08002236        0x2 
 .text.TIM_Base_SetConfig
                0x08002238       0xc8 Drivers\STM32F4xx_HAL_Driver\stm32f4xx_hal_tim.o
                0x08002238                TIM_Base_SetConfig
 .text.HAL_TIM_PWM_Init
                0x08002300       0x34 Drivers\STM32F4xx_HAL_Driver\stm32f4xx_hal_tim.o
                0x08002300                HAL_TIM_PWM_Init
 .text.TIM_OC2_SetConfig
                0x08002334       0x60 Drivers\STM32F4xx_HAL_Driver\stm32f4xx_hal_tim.o
                0x08002334                TIM_OC2_SetConfig
 .text.HAL_TIM_PWM_ConfigChannel
                0x08002394       0xc4 Drivers\STM32F4xx_HAL_Driver\stm32f4xx_hal_tim.o
                0x08002394                HAL_TIM_PWM_ConfigChannel
 .text.TIM_CCxChannelCmd
                0x08002458       0x18 Drivers\STM32F4xx_HAL_Driver\stm32f4xx_hal_tim.o
                0x08002458                TIM_CCxChannelCmd
 .text.HAL_TIM_PWM_Start_IT
                0x08002470       0x74 Drivers\STM32F4xx_HAL_Driver\stm32f4xx_hal_tim.o
                0x08002470                HAL_TIM_PWM_Start_IT
 .text.TIM_CCxNChannelCmd
                0x080024e4       0x18 Drivers\STM32F4xx_HAL_Driver\stm32f4xx_hal_tim_ex.o
 .text.HAL_TIMEx_PWMN_Start
                0x080024fc       0x22 Drivers\STM32F4xx_HAL_Driver\stm32f4xx_hal_tim_ex.o
                0x080024fc                HAL_TIMEx_PWMN_Start
 .text.HAL_TIMEx_MasterConfigSynchronization
                0x0800251e       0x44 Drivers\STM32F4xx_HAL_Driver\stm32f4xx_hal_tim_ex.o
                0x0800251e                HAL_TIMEx_MasterConfigSynchronization
 .text.HAL_TIMEx_ConfigBreakDeadTime
                0x08002562       0x4c Drivers\STM32F4xx_HAL_Driver\stm32f4xx_hal_tim_ex.o
                0x08002562                HAL_TIMEx_ConfigBreakDeadTime
 .text.HAL_TIMEx_CommutationCallback
                0x080025ae        0x2 Drivers\STM32F4xx_HAL_Driver\stm32f4xx_hal_tim_ex.o
                0x080025ae                HAL_TIMEx_CommutationCallback
 .text.HAL_TIMEx_BreakCallback
                0x080025b0        0x2 Drivers\STM32F4xx_HAL_Driver\stm32f4xx_hal_tim_ex.o
                0x080025b0                HAL_TIMEx_BreakCallback
 *fill*         0x080025b2        0x2 
 .text.__libc_init_array
                0x080025b4       0x48 c:/program files/atollic/truestudio for arm 8.1.0/armtools/bin/../lib/gcc/arm-atollic-eabi/6.3.1/../../../../arm-atollic-eabi/lib/armv7e-m/fpu\libc_nano.a(lib_a-init.o)
                0x080025b4                __libc_init_array
 .text.sinf     0x080025fc       0x84 c:/program files/atollic/truestudio for arm 8.1.0/armtools/bin/../lib/gcc/arm-atollic-eabi/6.3.1/../../../../arm-atollic-eabi/lib/armv7e-m/fpu\libm.a(lib_a-sf_sin.o)
                0x080025fc                sinf
 .text.__ieee754_rem_pio2f
                0x08002680      0x258 c:/program files/atollic/truestudio for arm 8.1.0/armtools/bin/../lib/gcc/arm-atollic-eabi/6.3.1/../../../../arm-atollic-eabi/lib/armv7e-m/fpu\libm.a(lib_a-ef_rem_pio2.o)
                0x08002680                __ieee754_rem_pio2f
 .text.__kernel_cosf
                0x080028d8       0xbc c:/program files/atollic/truestudio for arm 8.1.0/armtools/bin/../lib/gcc/arm-atollic-eabi/6.3.1/../../../../arm-atollic-eabi/lib/armv7e-m/fpu\libm.a(lib_a-kf_cos.o)
                0x080028d8                __kernel_cosf
 .text.__kernel_rem_pio2f
                0x08002994      0x4bc c:/program files/atollic/truestudio for arm 8.1.0/armtools/bin/../lib/gcc/arm-atollic-eabi/6.3.1/../../../../arm-atollic-eabi/lib/armv7e-m/fpu\libm.a(lib_a-kf_rem_pio2.o)
                0x08002994                __kernel_rem_pio2f
 .text.__kernel_sinf
                0x08002e50       0x90 c:/program files/atollic/truestudio for arm 8.1.0/armtools/bin/../lib/gcc/arm-atollic-eabi/6.3.1/../../../../arm-atollic-eabi/lib/armv7e-m/fpu\libm.a(lib_a-kf_sin.o)
                0x08002e50                __kernel_sinf
 .text.fabsf    0x08002ee0        0xe c:/program files/atollic/truestudio for arm 8.1.0/armtools/bin/../lib/gcc/arm-atollic-eabi/6.3.1/../../../../arm-atollic-eabi/lib/armv7e-m/fpu\libm.a(lib_a-sf_fabs.o)
                0x08002ee0                fabsf
 *fill*         0x08002eee        0x2 
 .text.floorf   0x08002ef0       0x84 c:/program files/atollic/truestudio for arm 8.1.0/armtools/bin/../lib/gcc/arm-atollic-eabi/6.3.1/../../../../arm-atollic-eabi/lib/armv7e-m/fpu\libm.a(lib_a-sf_floor.o)
                0x08002ef0                floorf
 .text.scalbnf  0x08002f74       0xc0 c:/program files/atollic/truestudio for arm 8.1.0/armtools/bin/../lib/gcc/arm-atollic-eabi/6.3.1/../../../../arm-atollic-eabi/lib/armv7e-m/fpu\libm.a(lib_a-sf_scalbn.o)
                0x08002f74                scalbnf
 .text.copysignf
                0x08003034       0x18 c:/program files/atollic/truestudio for arm 8.1.0/armtools/bin/../lib/gcc/arm-atollic-eabi/6.3.1/../../../../arm-atollic-eabi/lib/armv7e-m/fpu\libm.a(lib_a-sf_copysign.o)
                0x08003034                copysignf
 *(.glue_7)
 .glue_7        0x0800304c        0x0 linker stubs
 *(.glue_7t)
 .glue_7t       0x0800304c        0x0 linker stubs
 *(.eh_frame)
 .eh_frame      0x0800304c        0x0 c:/program files/atollic/truestudio for arm 8.1.0/armtools/bin/../lib/gcc/arm-atollic-eabi/6.3.1/armv7e-m/fpu/crtbegin.o
 *(.init)
 .init          0x0800304c        0x4 c:/program files/atollic/truestudio for arm 8.1.0/armtools/bin/../lib/gcc/arm-atollic-eabi/6.3.1/armv7e-m/fpu/crti.o
                0x0800304c                _init
 .init          0x08003050        0x8 c:/program files/atollic/truestudio for arm 8.1.0/armtools/bin/../lib/gcc/arm-atollic-eabi/6.3.1/armv7e-m/fpu/crtn.o
 *(.fini)
 .fini          0x08003058        0x4 c:/program files/atollic/truestudio for arm 8.1.0/armtools/bin/../lib/gcc/arm-atollic-eabi/6.3.1/armv7e-m/fpu/crti.o
                0x08003058                _fini
 .fini          0x0800305c        0x8 c:/program files/atollic/truestudio for arm 8.1.0/armtools/bin/../lib/gcc/arm-atollic-eabi/6.3.1/armv7e-m/fpu/crtn.o
                0x08003064                . = ALIGN (0x4)
                0x08003064                _etext = .

.vfp11_veneer   0x08003064        0x0
 .vfp11_veneer  0x08003064        0x0 linker stubs

.v4_bx          0x08003064        0x0
 .v4_bx         0x08003064        0x0 linker stubs

.iplt           0x08003064        0x0
 .iplt          0x08003064        0x0 c:/program files/atollic/truestudio for arm 8.1.0/armtools/bin/../lib/gcc/arm-atollic-eabi/6.3.1/armv7e-m/fpu/crtbegin.o

.rodata         0x08003064      0x3e0
                0x08003064                . = ALIGN (0x4)
 *(.rodata)
 *(.rodata*)
 .rodata.AHBPrescTable
                0x08003064       0x10 Drivers\CMSIS\system_stm32f4xx.o
                0x08003064                AHBPrescTable
 .rodata.npio2_hw
                0x08003074       0x80 c:/program files/atollic/truestudio for arm 8.1.0/armtools/bin/../lib/gcc/arm-atollic-eabi/6.3.1/../../../../arm-atollic-eabi/lib/armv7e-m/fpu\libm.a(lib_a-ef_rem_pio2.o)
 .rodata.two_over_pi
                0x080030f4      0x318 c:/program files/atollic/truestudio for arm 8.1.0/armtools/bin/../lib/gcc/arm-atollic-eabi/6.3.1/../../../../arm-atollic-eabi/lib/armv7e-m/fpu\libm.a(lib_a-ef_rem_pio2.o)
 .rodata.PIo2   0x0800340c       0x2c c:/program files/atollic/truestudio for arm 8.1.0/armtools/bin/../lib/gcc/arm-atollic-eabi/6.3.1/../../../../arm-atollic-eabi/lib/armv7e-m/fpu\libm.a(lib_a-kf_rem_pio2.o)
 .rodata.init_jk
                0x08003438        0xc c:/program files/atollic/truestudio for arm 8.1.0/armtools/bin/../lib/gcc/arm-atollic-eabi/6.3.1/../../../../arm-atollic-eabi/lib/armv7e-m/fpu\libm.a(lib_a-kf_rem_pio2.o)
                0x08003444                . = ALIGN (0x4)

.ARM.extab
 *(.ARM.extab* .gnu.linkonce.armextab.*)

.ARM            0x08003444        0x8
                0x08003444                __exidx_start = .
 *(.ARM.exidx*)
 .ARM.exidx     0x08003444        0x8 c:/program files/atollic/truestudio for arm 8.1.0/armtools/bin/../lib/gcc/arm-atollic-eabi/6.3.1/armv7e-m/fpu\libgcc.a(_udivmoddi4.o)
                0x0800344c                __exidx_end = .

.rel.dyn        0x0800344c        0x0
 .rel.iplt      0x0800344c        0x0 c:/program files/atollic/truestudio for arm 8.1.0/armtools/bin/../lib/gcc/arm-atollic-eabi/6.3.1/armv7e-m/fpu/crtbegin.o

.preinit_array  0x0800344c        0x0
                0x0800344c                PROVIDE (__preinit_array_start, .)
 *(.preinit_array*)
                0x0800344c                PROVIDE (__preinit_array_end, .)

.init_array     0x0800344c        0x4
                0x0800344c                PROVIDE (__init_array_start, .)
 *(SORT(.init_array.*))
 *(.init_array*)
 .init_array    0x0800344c        0x4 c:/program files/atollic/truestudio for arm 8.1.0/armtools/bin/../lib/gcc/arm-atollic-eabi/6.3.1/armv7e-m/fpu/crtbegin.o
                0x08003450                PROVIDE (__init_array_end, .)

.fini_array     0x08003450        0x4
                [!provide]                PROVIDE (__fini_array_start, .)
 *(SORT(.fini_array.*))
 *(.fini_array*)
 .fini_array    0x08003450        0x4 c:/program files/atollic/truestudio for arm 8.1.0/armtools/bin/../lib/gcc/arm-atollic-eabi/6.3.1/armv7e-m/fpu/crtbegin.o
                [!provide]                PROVIDE (__fini_array_end, .)
                0x08003454                _sidata = LOADADDR (.data)

.data           0x20000000        0x8 load address 0x08003454
                0x20000000                . = ALIGN (0x4)
                0x20000000                _sdata = .
 *(.data)
 *(.data*)
 .data.tensaoMax
                0x20000000        0x4 Application\User\stm32f4xx_it.o
                0x20000000                tensaoMax
 .data.SystemCoreClock
                0x20000004        0x4 Drivers\CMSIS\system_stm32f4xx.o
                0x20000004                SystemCoreClock
                0x20000008                . = ALIGN (0x4)
                0x20000008                _edata = .
                0x0800345c                _siccmram = LOADADDR (.ccmram)

.igot.plt       0x20000008        0x0 load address 0x0800345c
 .igot.plt      0x20000008        0x0 c:/program files/atollic/truestudio for arm 8.1.0/armtools/bin/../lib/gcc/arm-atollic-eabi/6.3.1/armv7e-m/fpu/crtbegin.o

.ccmram         0x10000000        0x0 load address 0x0800345c
                0x10000000                . = ALIGN (0x4)
                0x10000000                _sccmram = .
 *(.ccmram)
 *(.ccmram*)
                0x10000000                . = ALIGN (0x4)
                0x10000000                _eccmram = .
                0x10000000                . = ALIGN (0x4)

.bss            0x20000008       0xd4
                0x20000008                _sbss = .
                0x20000008                __bss_start__ = _sbss
 *(.bss)
 .bss           0x20000008       0x1c c:/program files/atollic/truestudio for arm 8.1.0/armtools/bin/../lib/gcc/arm-atollic-eabi/6.3.1/armv7e-m/fpu/crtbegin.o
 *(.bss*)
 .bss.adcValue  0x20000024        0x4 Application\User\stm32f4xx_it.o
                0x20000024                adcValue
 .bss.amp       0x20000028        0x4 Application\User\stm32f4xx_it.o
                0x20000028                amp
 .bss.aux       0x2000002c        0x4 Application\User\stm32f4xx_it.o
                0x2000002c                aux
 .bss.corrente  0x20000030        0x4 Application\User\stm32f4xx_it.o
                0x20000030                corrente
 .bss.interm    0x20000034        0x4 Application\User\stm32f4xx_it.o
                0x20000034                interm
 .bss.ref       0x20000038        0x4 Application\User\stm32f4xx_it.o
                0x20000038                ref
 .bss.tensao    0x2000003c        0x4 Application\User\stm32f4xx_it.o
                0x2000003c                tensao
 *(COMMON)
 COMMON         0x20000040       0x98 Application\User\main.o
                0x20000040                hadc1
                0x20000088                hdac
                0x2000009c                htim1
 COMMON         0x200000d8        0x4 Drivers\STM32F4xx_HAL_Driver\stm32f4xx_hal.o
                0x200000d8                uwTick
                0x200000dc                . = ALIGN (0x4)
                0x200000dc                _ebss = .
                0x200000dc                __bss_end__ = _ebss

._user_heap_stack
                0x200000dc      0x600
                0x200000dc                . = ALIGN (0x4)
                [!provide]                PROVIDE (end, .)
                [!provide]                PROVIDE (_end, .)
                0x200002dc                . = (. + _Min_Heap_Size)
 *fill*         0x200000dc      0x200 
                0x200006dc                . = (. + _Min_Stack_Size)
 *fill*         0x200002dc      0x400 
                0x200006dc                . = ALIGN (0x4)

/DISCARD/
 libc.a(*)
 libm.a(*)
 libgcc.a(*)

.ARM.attributes
                0x00000000       0x30
 *(.ARM.attributes)
 .ARM.attributes
                0x00000000       0x22 c:/program files/atollic/truestudio for arm 8.1.0/armtools/bin/../lib/gcc/arm-atollic-eabi/6.3.1/armv7e-m/fpu/crti.o
 .ARM.attributes
                0x00000022       0x34 c:/program files/atollic/truestudio for arm 8.1.0/armtools/bin/../lib/gcc/arm-atollic-eabi/6.3.1/armv7e-m/fpu/crtbegin.o
 .ARM.attributes
                0x00000056       0x21 Application\TrueSTUDIO\startup_stm32f407xx.o
 .ARM.attributes
                0x00000077       0x39 Application\User\main.o
 .ARM.attributes
                0x000000b0       0x39 Application\User\stm32f4xx_hal_msp.o
 .ARM.attributes
                0x000000e9       0x39 Application\User\stm32f4xx_it.o
 .ARM.attributes
                0x00000122       0x39 Drivers\CMSIS\system_stm32f4xx.o
 .ARM.attributes
                0x0000015b       0x39 Drivers\STM32F4xx_HAL_Driver\stm32f4xx_hal.o
 .ARM.attributes
                0x00000194       0x39 Drivers\STM32F4xx_HAL_Driver\stm32f4xx_hal_adc.o
 .ARM.attributes
                0x000001cd       0x39 Drivers\STM32F4xx_HAL_Driver\stm32f4xx_hal_adc_ex.o
 .ARM.attributes
                0x00000206       0x39 Drivers\STM32F4xx_HAL_Driver\stm32f4xx_hal_cortex.o
 .ARM.attributes
                0x0000023f       0x39 Drivers\STM32F4xx_HAL_Driver\stm32f4xx_hal_dac.o
 .ARM.attributes
                0x00000278       0x39 Drivers\STM32F4xx_HAL_Driver\stm32f4xx_hal_gpio.o
 .ARM.attributes
                0x000002b1       0x39 Drivers\STM32F4xx_HAL_Driver\stm32f4xx_hal_rcc.o
 .ARM.attributes
                0x000002ea       0x39 Drivers\STM32F4xx_HAL_Driver\stm32f4xx_hal_tim.o
 .ARM.attributes
                0x00000323       0x39 Drivers\STM32F4xx_HAL_Driver\stm32f4xx_hal_tim_ex.o
 .ARM.attributes
                0x0000035c       0x34 c:/program files/atollic/truestudio for arm 8.1.0/armtools/bin/../lib/gcc/arm-atollic-eabi/6.3.1/../../../../arm-atollic-eabi/lib/armv7e-m/fpu\libc_nano.a(lib_a-init.o)
 .ARM.attributes
                0x00000390       0x34 c:/program files/atollic/truestudio for arm 8.1.0/armtools/bin/../lib/gcc/arm-atollic-eabi/6.3.1/../../../../arm-atollic-eabi/lib/armv7e-m/fpu\libm.a(lib_a-sf_sin.o)
 .ARM.attributes
                0x000003c4       0x34 c:/program files/atollic/truestudio for arm 8.1.0/armtools/bin/../lib/gcc/arm-atollic-eabi/6.3.1/../../../../arm-atollic-eabi/lib/armv7e-m/fpu\libm.a(lib_a-ef_rem_pio2.o)
 .ARM.attributes
                0x000003f8       0x34 c:/program files/atollic/truestudio for arm 8.1.0/armtools/bin/../lib/gcc/arm-atollic-eabi/6.3.1/../../../../arm-atollic-eabi/lib/armv7e-m/fpu\libm.a(lib_a-kf_cos.o)
 .ARM.attributes
                0x0000042c       0x34 c:/program files/atollic/truestudio for arm 8.1.0/armtools/bin/../lib/gcc/arm-atollic-eabi/6.3.1/../../../../arm-atollic-eabi/lib/armv7e-m/fpu\libm.a(lib_a-kf_rem_pio2.o)
 .ARM.attributes
                0x00000460       0x34 c:/program files/atollic/truestudio for arm 8.1.0/armtools/bin/../lib/gcc/arm-atollic-eabi/6.3.1/../../../../arm-atollic-eabi/lib/armv7e-m/fpu\libm.a(lib_a-kf_sin.o)
 .ARM.attributes
                0x00000494       0x34 c:/program files/atollic/truestudio for arm 8.1.0/armtools/bin/../lib/gcc/arm-atollic-eabi/6.3.1/../../../../arm-atollic-eabi/lib/armv7e-m/fpu\libm.a(lib_a-sf_fabs.o)
 .ARM.attributes
                0x000004c8       0x34 c:/program files/atollic/truestudio for arm 8.1.0/armtools/bin/../lib/gcc/arm-atollic-eabi/6.3.1/../../../../arm-atollic-eabi/lib/armv7e-m/fpu\libm.a(lib_a-sf_floor.o)
 .ARM.attributes
                0x000004fc       0x34 c:/program files/atollic/truestudio for arm 8.1.0/armtools/bin/../lib/gcc/arm-atollic-eabi/6.3.1/../../../../arm-atollic-eabi/lib/armv7e-m/fpu\libm.a(lib_a-sf_scalbn.o)
 .ARM.attributes
                0x00000530       0x34 c:/program files/atollic/truestudio for arm 8.1.0/armtools/bin/../lib/gcc/arm-atollic-eabi/6.3.1/../../../../arm-atollic-eabi/lib/armv7e-m/fpu\libm.a(lib_a-sf_copysign.o)
 .ARM.attributes
                0x00000564       0x22 c:/program files/atollic/truestudio for arm 8.1.0/armtools/bin/../lib/gcc/arm-atollic-eabi/6.3.1/armv7e-m/fpu\libgcc.a(_arm_addsubdf3.o)
 .ARM.attributes
                0x00000586       0x22 c:/program files/atollic/truestudio for arm 8.1.0/armtools/bin/../lib/gcc/arm-atollic-eabi/6.3.1/armv7e-m/fpu\libgcc.a(_arm_muldivdf3.o)
 .ARM.attributes
                0x000005a8       0x22 c:/program files/atollic/truestudio for arm 8.1.0/armtools/bin/../lib/gcc/arm-atollic-eabi/6.3.1/armv7e-m/fpu\libgcc.a(_arm_truncdfsf2.o)
 .ARM.attributes
                0x000005ca       0x22 c:/program files/atollic/truestudio for arm 8.1.0/armtools/bin/../lib/gcc/arm-atollic-eabi/6.3.1/armv7e-m/fpu\libgcc.a(_aeabi_uldivmod.o)
 .ARM.attributes
                0x000005ec       0x34 c:/program files/atollic/truestudio for arm 8.1.0/armtools/bin/../lib/gcc/arm-atollic-eabi/6.3.1/armv7e-m/fpu\libgcc.a(_udivmoddi4.o)
 .ARM.attributes
                0x00000620       0x22 c:/program files/atollic/truestudio for arm 8.1.0/armtools/bin/../lib/gcc/arm-atollic-eabi/6.3.1/armv7e-m/fpu\libgcc.a(_dvmd_tls.o)
 .ARM.attributes
                0x00000642       0x22 c:/program files/atollic/truestudio for arm 8.1.0/armtools/bin/../lib/gcc/arm-atollic-eabi/6.3.1/armv7e-m/fpu/crtn.o
OUTPUT(PWM_ModSenoidal.elf elf32-littlearm)

.debug_line     0x00000000     0x4cee
 .debug_line    0x00000000       0x7a Application\TrueSTUDIO\startup_stm32f407xx.o
 .debug_line    0x0000007a      0x414 Application\User\main.o
 .debug_line    0x0000048e      0x3d8 Application\User\stm32f4xx_hal_msp.o
 .debug_line    0x00000866      0x408 Application\User\stm32f4xx_it.o
 .debug_line    0x00000c6e      0x26f Drivers\CMSIS\system_stm32f4xx.o
 .debug_line    0x00000edd      0x43b Drivers\STM32F4xx_HAL_Driver\stm32f4xx_hal.o
 .debug_line    0x00001318      0x758 Drivers\STM32F4xx_HAL_Driver\stm32f4xx_hal_adc.o
 .debug_line    0x00001a70      0x631 Drivers\STM32F4xx_HAL_Driver\stm32f4xx_hal_adc_ex.o
 .debug_line    0x000020a1      0x4dc Drivers\STM32F4xx_HAL_Driver\stm32f4xx_hal_cortex.o
 .debug_line    0x0000257d      0x52e Drivers\STM32F4xx_HAL_Driver\stm32f4xx_hal_dac.o
 .debug_line    0x00002aab      0x47a Drivers\STM32F4xx_HAL_Driver\stm32f4xx_hal_gpio.o
 .debug_line    0x00002f25      0x57f Drivers\STM32F4xx_HAL_Driver\stm32f4xx_hal_rcc.o
 .debug_line    0x000034a4     0x117f Drivers\STM32F4xx_HAL_Driver\stm32f4xx_hal_tim.o
 .debug_line    0x00004623      0x6cb Drivers\STM32F4xx_HAL_Driver\stm32f4xx_hal_tim_ex.o

.debug_info     0x00000000    0x133e0
 .debug_info    0x00000000       0x9a Application\TrueSTUDIO\startup_stm32f407xx.o
 .debug_info    0x0000009a     0x1ce7 Application\User\main.o
 .debug_info    0x00001d81     0x1a12 Application\User\stm32f4xx_hal_msp.o
 .debug_info    0x00003793     0x13d1 Application\User\stm32f4xx_it.o
 .debug_info    0x00004b64      0xd1c Drivers\CMSIS\system_stm32f4xx.o
 .debug_info    0x00005880     0x1100 Drivers\STM32F4xx_HAL_Driver\stm32f4xx_hal.o
 .debug_info    0x00006980     0x15ad Drivers\STM32F4xx_HAL_Driver\stm32f4xx_hal_adc.o
 .debug_info    0x00007f2d     0x13dd Drivers\STM32F4xx_HAL_Driver\stm32f4xx_hal_adc_ex.o
 .debug_info    0x0000930a     0x1744 Drivers\STM32F4xx_HAL_Driver\stm32f4xx_hal_cortex.o
 .debug_info    0x0000aa4e     0x1287 Drivers\STM32F4xx_HAL_Driver\stm32f4xx_hal_dac.o
 .debug_info    0x0000bcd5      0xf88 Drivers\STM32F4xx_HAL_Driver\stm32f4xx_hal_gpio.o
 .debug_info    0x0000cc5d     0x123c Drivers\STM32F4xx_HAL_Driver\stm32f4xx_hal_rcc.o
 .debug_info    0x0000de99     0x3ba2 Drivers\STM32F4xx_HAL_Driver\stm32f4xx_hal_tim.o
 .debug_info    0x00011a3b     0x19a5 Drivers\STM32F4xx_HAL_Driver\stm32f4xx_hal_tim_ex.o

.debug_abbrev   0x00000000     0x2584
 .debug_abbrev  0x00000000       0x12 Application\TrueSTUDIO\startup_stm32f407xx.o
 .debug_abbrev  0x00000012      0x2fc Application\User\main.o
 .debug_abbrev  0x0000030e      0x232 Application\User\stm32f4xx_hal_msp.o
 .debug_abbrev  0x00000540      0x2bb Application\User\stm32f4xx_it.o
 .debug_abbrev  0x000007fb      0x1ca Drivers\CMSIS\system_stm32f4xx.o
 .debug_abbrev  0x000009c5      0x2cf Drivers\STM32F4xx_HAL_Driver\stm32f4xx_hal.o
 .debug_abbrev  0x00000c94      0x321 Drivers\STM32F4xx_HAL_Driver\stm32f4xx_hal_adc.o
 .debug_abbrev  0x00000fb5      0x2e6 Drivers\STM32F4xx_HAL_Driver\stm32f4xx_hal_adc_ex.o
 .debug_abbrev  0x0000129b      0x399 Drivers\STM32F4xx_HAL_Driver\stm32f4xx_hal_cortex.o
 .debug_abbrev  0x00001634      0x2f4 Drivers\STM32F4xx_HAL_Driver\stm32f4xx_hal_dac.o
 .debug_abbrev  0x00001928      0x268 Drivers\STM32F4xx_HAL_Driver\stm32f4xx_hal_gpio.o
 .debug_abbrev  0x00001b90      0x348 Drivers\STM32F4xx_HAL_Driver\stm32f4xx_hal_rcc.o
 .debug_abbrev  0x00001ed8      0x3ac Drivers\STM32F4xx_HAL_Driver\stm32f4xx_hal_tim.o
 .debug_abbrev  0x00002284      0x300 Drivers\STM32F4xx_HAL_Driver\stm32f4xx_hal_tim_ex.o

.debug_aranges  0x00000000      0x8a0
 .debug_aranges
                0x00000000       0x28 Application\TrueSTUDIO\startup_stm32f407xx.o
 .debug_aranges
                0x00000028       0x30 Application\User\main.o
 .debug_aranges
                0x00000058       0x58 Application\User\stm32f4xx_hal_msp.o
 .debug_aranges
                0x000000b0       0x60 Application\User\stm32f4xx_it.o
 .debug_aranges
                0x00000110       0x28 Drivers\CMSIS\system_stm32f4xx.o
 .debug_aranges
                0x00000138       0xc0 Drivers\STM32F4xx_HAL_Driver\stm32f4xx_hal.o
 .debug_aranges
                0x000001f8       0xb8 Drivers\STM32F4xx_HAL_Driver\stm32f4xx_hal_adc.o
 .debug_aranges
                0x000002b0       0x90 Drivers\STM32F4xx_HAL_Driver\stm32f4xx_hal_adc_ex.o
 .debug_aranges
                0x00000340       0xa8 Drivers\STM32F4xx_HAL_Driver\stm32f4xx_hal_cortex.o
 .debug_aranges
                0x000003e8       0x98 Drivers\STM32F4xx_HAL_Driver\stm32f4xx_hal_dac.o
 .debug_aranges
                0x00000480       0x58 Drivers\STM32F4xx_HAL_Driver\stm32f4xx_hal_gpio.o
 .debug_aranges
                0x000004d8       0x88 Drivers\STM32F4xx_HAL_Driver\stm32f4xx_hal_rcc.o
 .debug_aranges
                0x00000560      0x250 Drivers\STM32F4xx_HAL_Driver\stm32f4xx_hal_tim.o
 .debug_aranges
                0x000007b0       0xf0 Drivers\STM32F4xx_HAL_Driver\stm32f4xx_hal_tim_ex.o

.debug_ranges   0x00000000      0xb20
 .debug_ranges  0x00000000       0x20 Application\TrueSTUDIO\startup_stm32f407xx.o
 .debug_ranges  0x00000020      0x100 Application\User\main.o
 .debug_ranges  0x00000120       0xa0 Application\User\stm32f4xx_hal_msp.o
 .debug_ranges  0x000001c0       0x50 Application\User\stm32f4xx_it.o
 .debug_ranges  0x00000210       0x18 Drivers\CMSIS\system_stm32f4xx.o
 .debug_ranges  0x00000228       0xb0 Drivers\STM32F4xx_HAL_Driver\stm32f4xx_hal.o
 .debug_ranges  0x000002d8       0xc8 Drivers\STM32F4xx_HAL_Driver\stm32f4xx_hal_adc.o
 .debug_ranges  0x000003a0       0x80 Drivers\STM32F4xx_HAL_Driver\stm32f4xx_hal_adc_ex.o
 .debug_ranges  0x00000420      0x138 Drivers\STM32F4xx_HAL_Driver\stm32f4xx_hal_cortex.o
 .debug_ranges  0x00000558       0x88 Drivers\STM32F4xx_HAL_Driver\stm32f4xx_hal_dac.o
 .debug_ranges  0x000005e0       0x68 Drivers\STM32F4xx_HAL_Driver\stm32f4xx_hal_gpio.o
 .debug_ranges  0x00000648       0xc8 Drivers\STM32F4xx_HAL_Driver\stm32f4xx_hal_rcc.o
 .debug_ranges  0x00000710      0x330 Drivers\STM32F4xx_HAL_Driver\stm32f4xx_hal_tim.o
 .debug_ranges  0x00000a40       0xe0 Drivers\STM32F4xx_HAL_Driver\stm32f4xx_hal_tim_ex.o

.debug_str      0x00000000     0x3a36
 .debug_str     0x00000000     0x16bc Application\User\main.o
                               0x17d5 (size before relaxing)
 .debug_str     0x000016bc      0x183 Application\User\stm32f4xx_hal_msp.o
                               0x1472 (size before relaxing)
 .debug_str     0x0000183f      0x1d9 Application\User\stm32f4xx_it.o
                                0xecc (size before relaxing)
 .debug_str     0x00001a18       0xb0 Drivers\CMSIS\system_stm32f4xx.o
                                0x7f8 (size before relaxing)
 .debug_str     0x00001ac8      0x255 Drivers\STM32F4xx_HAL_Driver\stm32f4xx_hal.o
                                0xf31 (size before relaxing)
 .debug_str     0x00001d1d      0x27c Drivers\STM32F4xx_HAL_Driver\stm32f4xx_hal_adc.o
                                0xde7 (size before relaxing)
 .debug_str     0x00001f99      0x2e5 Drivers\STM32F4xx_HAL_Driver\stm32f4xx_hal_adc_ex.o
                                0xe4a (size before relaxing)
 .debug_str     0x0000227e      0x320 Drivers\STM32F4xx_HAL_Driver\stm32f4xx_hal_cortex.o
                               0x10be (size before relaxing)
 .debug_str     0x0000259e      0x1a2 Drivers\STM32F4xx_HAL_Driver\stm32f4xx_hal_dac.o
                                0xc76 (size before relaxing)
 .debug_str     0x00002740      0x15c Drivers\STM32F4xx_HAL_Driver\stm32f4xx_hal_gpio.o
                                0x994 (size before relaxing)
 .debug_str     0x0000289c      0x161 Drivers\STM32F4xx_HAL_Driver\stm32f4xx_hal_rcc.o
                                0xb4e (size before relaxing)
 .debug_str     0x000029fd      0xc51 Drivers\STM32F4xx_HAL_Driver\stm32f4xx_hal_tim.o
                               0x1859 (size before relaxing)
 .debug_str     0x0000364e      0x3e8 Drivers\STM32F4xx_HAL_Driver\stm32f4xx_hal_tim_ex.o
                               0x1119 (size before relaxing)

.comment        0x00000000       0x7c
 .comment       0x00000000       0x7c Application\User\main.o
                                 0x7d (size before relaxing)
 .comment       0x0000007c       0x7d Application\User\stm32f4xx_hal_msp.o
 .comment       0x0000007c       0x7d Application\User\stm32f4xx_it.o
 .comment       0x0000007c       0x7d Drivers\CMSIS\system_stm32f4xx.o
 .comment       0x0000007c       0x7d Drivers\STM32F4xx_HAL_Driver\stm32f4xx_hal.o
 .comment       0x0000007c       0x7d Drivers\STM32F4xx_HAL_Driver\stm32f4xx_hal_adc.o
 .comment       0x0000007c       0x7d Drivers\STM32F4xx_HAL_Driver\stm32f4xx_hal_adc_ex.o
 .comment       0x0000007c       0x7d Drivers\STM32F4xx_HAL_Driver\stm32f4xx_hal_cortex.o
 .comment       0x0000007c       0x7d Drivers\STM32F4xx_HAL_Driver\stm32f4xx_hal_dac.o
 .comment       0x0000007c       0x7d Drivers\STM32F4xx_HAL_Driver\stm32f4xx_hal_gpio.o
 .comment       0x0000007c       0x7d Drivers\STM32F4xx_HAL_Driver\stm32f4xx_hal_rcc.o
 .comment       0x0000007c       0x7d Drivers\STM32F4xx_HAL_Driver\stm32f4xx_hal_tim.o
 .comment       0x0000007c       0x7d Drivers\STM32F4xx_HAL_Driver\stm32f4xx_hal_tim_ex.o

.debug_frame    0x00000000     0x1bc0
 .debug_frame   0x00000000       0x58 Application\User\main.o
 .debug_frame   0x00000058       0xe0 Application\User\stm32f4xx_hal_msp.o
 .debug_frame   0x00000138      0x108 Application\User\stm32f4xx_it.o
 .debug_frame   0x00000240       0x38 Drivers\CMSIS\system_stm32f4xx.o
 .debug_frame   0x00000278      0x194 Drivers\STM32F4xx_HAL_Driver\stm32f4xx_hal.o
 .debug_frame   0x0000040c      0x244 Drivers\STM32F4xx_HAL_Driver\stm32f4xx_hal_adc.o
 .debug_frame   0x00000650      0x160 Drivers\STM32F4xx_HAL_Driver\stm32f4xx_hal_adc_ex.o
 .debug_frame   0x000007b0      0x158 Drivers\STM32F4xx_HAL_Driver\stm32f4xx_hal_cortex.o
 .debug_frame   0x00000908      0x1dc Drivers\STM32F4xx_HAL_Driver\stm32f4xx_hal_dac.o
 .debug_frame   0x00000ae4       0xd8 Drivers\STM32F4xx_HAL_Driver\stm32f4xx_hal_gpio.o
 .debug_frame   0x00000bbc      0x138 Drivers\STM32F4xx_HAL_Driver\stm32f4xx_hal_rcc.o
 .debug_frame   0x00000cf4      0x854 Drivers\STM32F4xx_HAL_Driver\stm32f4xx_hal_tim.o
 .debug_frame   0x00001548      0x330 Drivers\STM32F4xx_HAL_Driver\stm32f4xx_hal_tim_ex.o
 .debug_frame   0x00001878       0x2c c:/program files/atollic/truestudio for arm 8.1.0/armtools/bin/../lib/gcc/arm-atollic-eabi/6.3.1/../../../../arm-atollic-eabi/lib/armv7e-m/fpu\libc_nano.a(lib_a-init.o)
 .debug_frame   0x000018a4       0x2c c:/program files/atollic/truestudio for arm 8.1.0/armtools/bin/../lib/gcc/arm-atollic-eabi/6.3.1/../../../../arm-atollic-eabi/lib/armv7e-m/fpu\libm.a(lib_a-sf_sin.o)
 .debug_frame   0x000018d0       0x38 c:/program files/atollic/truestudio for arm 8.1.0/armtools/bin/../lib/gcc/arm-atollic-eabi/6.3.1/../../../../arm-atollic-eabi/lib/armv7e-m/fpu\libm.a(lib_a-ef_rem_pio2.o)
 .debug_frame   0x00001908       0x20 c:/program files/atollic/truestudio for arm 8.1.0/armtools/bin/../lib/gcc/arm-atollic-eabi/6.3.1/../../../../arm-atollic-eabi/lib/armv7e-m/fpu\libm.a(lib_a-kf_cos.o)
 .debug_frame   0x00001928       0x5c c:/program files/atollic/truestudio for arm 8.1.0/armtools/bin/../lib/gcc/arm-atollic-eabi/6.3.1/../../../../arm-atollic-eabi/lib/armv7e-m/fpu\libm.a(lib_a-kf_rem_pio2.o)
 .debug_frame   0x00001984       0x20 c:/program files/atollic/truestudio for arm 8.1.0/armtools/bin/../lib/gcc/arm-atollic-eabi/6.3.1/../../../../arm-atollic-eabi/lib/armv7e-m/fpu\libm.a(lib_a-kf_sin.o)
 .debug_frame   0x000019a4       0x20 c:/program files/atollic/truestudio for arm 8.1.0/armtools/bin/../lib/gcc/arm-atollic-eabi/6.3.1/../../../../arm-atollic-eabi/lib/armv7e-m/fpu\libm.a(lib_a-sf_fabs.o)
 .debug_frame   0x000019c4       0x20 c:/program files/atollic/truestudio for arm 8.1.0/armtools/bin/../lib/gcc/arm-atollic-eabi/6.3.1/../../../../arm-atollic-eabi/lib/armv7e-m/fpu\libm.a(lib_a-sf_floor.o)
 .debug_frame   0x000019e4       0x3c c:/program files/atollic/truestudio for arm 8.1.0/armtools/bin/../lib/gcc/arm-atollic-eabi/6.3.1/../../../../arm-atollic-eabi/lib/armv7e-m/fpu\libm.a(lib_a-sf_scalbn.o)
 .debug_frame   0x00001a20       0x20 c:/program files/atollic/truestudio for arm 8.1.0/armtools/bin/../lib/gcc/arm-atollic-eabi/6.3.1/../../../../arm-atollic-eabi/lib/armv7e-m/fpu\libm.a(lib_a-sf_copysign.o)
 .debug_frame   0x00001a40       0xac c:/program files/atollic/truestudio for arm 8.1.0/armtools/bin/../lib/gcc/arm-atollic-eabi/6.3.1/armv7e-m/fpu\libgcc.a(_arm_addsubdf3.o)
 .debug_frame   0x00001aec       0x50 c:/program files/atollic/truestudio for arm 8.1.0/armtools/bin/../lib/gcc/arm-atollic-eabi/6.3.1/armv7e-m/fpu\libgcc.a(_arm_muldivdf3.o)
 .debug_frame   0x00001b3c       0x24 c:/program files/atollic/truestudio for arm 8.1.0/armtools/bin/../lib/gcc/arm-atollic-eabi/6.3.1/armv7e-m/fpu\libgcc.a(_arm_truncdfsf2.o)
 .debug_frame   0x00001b60       0x2c c:/program files/atollic/truestudio for arm 8.1.0/armtools/bin/../lib/gcc/arm-atollic-eabi/6.3.1/armv7e-m/fpu\libgcc.a(_aeabi_uldivmod.o)
 .debug_frame   0x00001b8c       0x34 c:/program files/atollic/truestudio for arm 8.1.0/armtools/bin/../lib/gcc/arm-atollic-eabi/6.3.1/armv7e-m/fpu\libgcc.a(_udivmoddi4.o)

.debug_loc      0x00000000     0x5d48
 .debug_loc     0x00000000      0x108 Application\User\stm32f4xx_hal_msp.o
 .debug_loc     0x00000108       0x21 Application\User\stm32f4xx_it.o
 .debug_loc     0x00000129      0x11c Drivers\CMSIS\system_stm32f4xx.o
 .debug_loc     0x00000245       0x69 Drivers\STM32F4xx_HAL_Driver\stm32f4xx_hal.o
 .debug_loc     0x000002ae      0x79c Drivers\STM32F4xx_HAL_Driver\stm32f4xx_hal_adc.o
 .debug_loc     0x00000a4a      0x7a8 Drivers\STM32F4xx_HAL_Driver\stm32f4xx_hal_adc_ex.o
 .debug_loc     0x000011f2      0x4fb Drivers\STM32F4xx_HAL_Driver\stm32f4xx_hal_cortex.o
 .debug_loc     0x000016ed      0x6bf Drivers\STM32F4xx_HAL_Driver\stm32f4xx_hal_dac.o
 .debug_loc     0x00001dac      0x3cd Drivers\STM32F4xx_HAL_Driver\stm32f4xx_hal_gpio.o
 .debug_loc     0x00002179      0x2d3 Drivers\STM32F4xx_HAL_Driver\stm32f4xx_hal_rcc.o
 .debug_loc     0x0000244c     0x30b2 Drivers\STM32F4xx_HAL_Driver\stm32f4xx_hal_tim.o
 .debug_loc     0x000054fe      0x84a Drivers\STM32F4xx_HAL_Driver\stm32f4xx_hal_tim_ex.o
